Immunologic disorder
Immunologic disorders
Immunologic diseases
Immunology
Immunodeficiency
Autoimmune disease
Autoimmune
Vasculitis
Arthritis
Psoriatic Arthritis
Rheumatoid Arthritis
Pediatric Juvenile Psoriatic Arthritis
Psoriatic Arthritis Structural Damage
Axial spondyloarthritis
Axial SpA
Axial SpA Giant Cell Arteritis
Osteoarthritis
Osteoarthritis pain
Psoriasis
Plaque psoriasis
Pediatric Psoriasis
Pediatric Plaque Psoriasis
Genital Psoriasis
Juvenile Psoriatic Arthritis
Hidradenitis Suppurativa
Ulcerative Colitis
Pediatric Ulcerative Colitis
Inflammatory Bowel Disease
Lupus
Systemic Lupus Erythematosus
Discoid Lupus Erythematosus
Cutaneous Lupus Erythematosus
Lupus nephritis
Crohn's Disease
Crohns Disease
Pediatric Crohn's Disease
Crohn's Disease Subcutaneous Induction
Arteritis
Giant Cell Arteritis
Takayasu Arteritis
Sjogren's Syndrome
Sjogrens Syndrome
Sjogren Syndrome
Warm Autoimmune Hemolytic Anemia
Warm Autoimmune Hemolytic Anaemia
WAIHA
Hemolytic disease of the fetus and newborn
Paroxysmal nocturnal hemoglobinuria
Asthma
Sclerosis
Systemic Sclerosis
Multiple sclerosis
Amyotrophic Lateral Sclerosis
Nephropathy
IgA-nephropathy
IgA nephropathy
Membranous Nephropathy
Chronic obstructive disease
Chronic obstructive pulmonary disease
Idiopathic pulmonary fibrosis (IPF)
Myelofibrosis
Pediatric Behcet's Disease
Pediatric Behcets Disease
Behcet's Disease
Behcets Disease
Atopic Dermatitis
Stasis Dermatitis
Dermatitis
Juvenile Dermatomyositis
Palmoplantar Pustulosis
Chronic Rhinocinusitis with Nasal Polyps
Chronic Spontaneous Urticaria
Pediatric celiac disease
Celiac Disease
Polymyalgia rheumatica
Ankylosing Spondylitis
Eosinophilic Esophagitis
Esophagitis
Dermatomyositis
Wiskott-Aldrich Syndrome
Wiskott Aldrich Syndrome
Alopecia
Alopecia Areata
Pemphigus
Thrombocytopenia
Graves' disease
Graves disease
Polymyositis
Type 1 diabetes mellitus
Diabetes mellitus type 1
Diabetes mellitus