Sanger sequencing
Bi-directional Sanger sequencing
DNA Sequencing
Immunohistochemistry
In Situ Hybridization
Fluorescence in situ hybridization
Fluorescent in situ hybridization
Polymerase Chain Reaction
ddPCR
dPCR
droplet digital PCR
digital PCR
RT-PCR
rRT-PCR
reverse transcription polymerase chain reaction
real time reverse transcription polymerase chain reaction
Real time PCR
qPCR
qRT-PCR
RTqPCR
Next-generation sequencing
Plasma NGS
tumor NGS
Enzyme Linked Immunoassay Test
Fluorescence resonance energy transfer
chromogenic in situ hybridization
silver enhanced in situ hybridization
Dual in situ hybridization
Dual ISH
Immunocytochemistry
Western blot
Whole exome sequencing
Flow cytometry
Microarray
Next Generation Fecal
RT PCR
rRT PCR
Bi-directional sequencing
Bi directional sequencing
Bi directional Sanger sequencing
Sanger
Next generation sequencing
Enzyme Linked Immuno assay
SOC tissue biopsy based NGS assay
Standard of Care tissue biopsy based NGS assay
paired ddPCRt
ddPCR-based plasma genotyping
ddPCR based plasma genotyping
Real time polymerase chain reaction
reverse transcriptase polymerase chain reaction
ARCHITECT
RealTime
PathVysion
Vysis
RabMAb
SimpleStep ELISA
RNAscope
ClonoSEQ
MammaPrint
HercepTest
PharmDx
AmoyDx
Parsortix
Oncuria
OVA1
LiquidGx
OncoBioMark
OncoQuest
Idylla
CoverMx
Target Selector
ClearID
VeriStrat
Oncostem Test
THxID
Theralink
BluePrint
Oncofocus
AlloMap
Caris Molecular Intelligence
CELsignia
Envision
Nanobiomarker Diagnostic Test
Colvera
CogniCher
Curevac
EuroFlow
22C3 pharmDx
28-8 pharmDx
Elio Genomic Classifier
CRCDx
Epi proColon
Cologuard
FoundationOne
Vizamyl
GeneDx
Oncotype DX
Oncotype MAP
Galleri
Guardant
Guardant Reveal
Guardant360
GuardantOMNI
LunaGx
Cervista
Praxis Extended RAS Panel
OncoQuick
InVisionFirst
CancerSEEK
HRDetect
IvyGene Test
VistaSeq Hereditary
Bond Oracle
Amyvid
ConfirmMDx
MSK-IMPACT
CellSearch
MyChoice
MyRisk
BRACAnalysis
Colaris
EndoPredict
Prolaris
ProSigna
CancerLocator
Prospera
Signatera
Navity
NeoARRAY
NeoIMMUNE
NeoLAB
NeoLINK
NeoSELECT
NeoTYPE
CancerNext
Histofine ALK iAEP
NrgX MDx Test
EpiSwitch
PGDx Elio
TruSight
PredictSURE IBD
OncoMate MSI
Promega
QIAseq
Therascreen
Resolution ctDX
First Assay
AVENIO
CAPTIvate
CINtec PLUS
Coapture
Cobas
SureTrack
Ventana
ClonoSIGHT
Imunocell
PanSeer
StrataEXP
OncoBEAM
OncoGuide
xT CDx
HevyLite
Oncomine
Mutector
Afirma Gene Expression Classifier
Percepta
BLOODRevolutionCT
Viscover
CANCERNCO
InSite
INFORM HER2
LeukoStrat
MRDx BCR-ABL Test
Reveal Dx
Oncomine Dx
Praxis Extended
SeCore
SPOT-LIGHT
ClarityDX Reflex
Blood First Assay Screening Trial
B-FAST
B FAST
Dako
Oncopanel
Reflex panel
Multiplex IHC
mIHC
BFAST
ONCO/Reveal Dx
DNA/RNA sequencing
DNA RNA sequencing
IHC
ISH
FISH
ELISA
HTRF
FRET
CISH
SISH
DISH
fluorescent in-situ hybridization
NGS
Homogeneous Time-Resolved Fluorescence
von Hippel-Lindau (VHL) Sequencing
von Hippel Lindau (VHL) Sequencing
von Hippel-Lindau Sequencing
von Hippel Lindau Sequencing
VHL Gene Mutation test
VHL elisa
VHL - PrimePCR Assay
Sequencing
FoundationFocus
Praxis
MRDx
MEBGEN
Histofine
Oncomai
ArcherMET
Amoy
Shuwen
PathHunter
AlphaLISA
GENECAST
TRUPCR
StripAssay
DuoSet
BRCAssure
BRCAvantage
CG-GENE-16
CG GENE 16
RareSeq
LUNAR Assay
GuardantINFORM
HerceptinÂ®
NGF
next-generation flow cytometry
Next Generation Flow cytometry
NGFC
MALDI-TOF
MALDI TOF
WES
Matrix-Assisted Laser Desorption/Ionization-Time Of Flight
Ionization-Time Of Flight
Matrix Assisted Laser Desorption
MGH-Snapshot
Multiplex PCR
Tissue biopsy
Myeloseq
MyeloSeq-HD
MyeloSeq HD
High throughput sequencing
immunohistochemical
RNA sequencing
Targeted deep-sequencing
Targeted deep sequencing
immunocytochemistry
immunofluorescence
DNA/RNASequencing
ELISPOT
OncotypeDX
Liquid biopsy
fluid biopsy
Biopsy
Biopsies
tissue biopsy