ACC
Adenocarcinoma
Adenocarcinomas
AITL
ALCL
AML
Angiosarcoma
APL
aRCC
Astrocytoma
ATL
ATLL
B-ALL
BCC
B-NHL
BPDCN
BTC
Cancer
Cancers
Carcinoid
Carcinoma
Carcinomas
Casration-sensitive
Castration-resistant
CBCL
ccRCC
CEL
CEL-NOS
cHL
Cholangiocarcinoma
Chondrosarcoma
Chordoma
CLL
CML
CMML
CNL
CRC
CRPC
cSCC
CSPC
CTCL
DLBCL
DSRCT
EATL
EOC
Ependymoma
ESCC
ES-SCLC
Essential Thrombocythemia
ETTL
GBM
GEJ
GEP-NET
GEP-NETs
Gestational Trophoblastic disease
GIST
Glial
Glioblastoma
Glioma
Gliomas
Gliosarcoma
GTD
GTN
HCC
Hemangiosarcoma
Hematological Malignancies
Hemoglobinuria
Hepatoblastoma
HGSOC
HNSCC
HSPC
ITLL
ITP
IVLBCL
JMML
Keratoses
Keratosis
LBCL
LBL
Leiomyosarcoma
Leukaemia
Leukaemias
Leukemia
Leukemias
LGSOC
Liposarcoma
LPL
LS-SCLC
Lymphoma
Lymphomas
Lymphoproliferative
Malignancies
Malignancy
MALT
mBC
MCC
mCRC
mCRPC
mCSPC
MDS
Medulloblastoma
Melanoma
Meningioma
Mesothelioma
mHSPC
MIBC
mNSCLC
MPN
MPNs
mTNBC
Myelofibrosis
Myeloma
MZL
nccRCC
Neoplasia
Neoplasm
Neoplasms
Neoplastic
Neuroblastoma
NHL
NLPHL
nmCRPC
nmCSPC
nmHSPC
NMIBC
NMSC
NMZL
NPC
NSCLC
Oligodendroglioma
OPSCC
OSCC
Osteogenic
Osteoid
Osteosarcoma
Paraganglioma
PCALCL
PCM
PCNSCL
PDAC
Pheochromocytoma
PMBCL
PMBL
PMF
Polycythemia Vera
PTCL
PTCL-NOS
RCC
Retinoblastoma
Rhabdomyosarcoma
rrPMBCL
Sarcoma
Sarcomas
SCC
SCCHN
SCLC
SCNSL
Seminoma
SLL
SMM
SMZL
T-ALL
TET
Thalassaemia
THRLBCL
Thymoma
TNBC
T-PLL
Tumor
Tumors
Tumour
Tumours
Macroglobulinemia
Myelodysplasia
Mycosis Fungoides
Sezary syndrome
