ISH
FISH
PCR
RT-PCR
rRT-PCR
RT PCR
rRT PCR
ddPCR
dPCR
Sanger Sequencing
IHC
FISH
NGS
Cytogenetics
Bi-directional sequencing
Bi-directional Sanger sequencing
Bi directional sequencing
Bi directional Sanger sequencing
ISH
Flow Cytometry
Reflex panel
Androgen Receptor Mutation Analysis
Sanger
Liqiuid Biopsy
ELISA
In Situ Hybridization
Fluorescence in situ hybridization
Fluorescent in situ hybridization
Polymerase Chain Reaction
reverse transcription polymerase chain reaction
real time reverse transcription polymerase chain reaction
droplet digital PCR
digital PCR
Immunohistochemistry
Fluorescence in situ hybridization
Next-generation sequencing
Next generation sequencing
Plasma NGS
tumor NGS
Enzyme Linked Immunoassay Test
Enzyme Linked Immuno assay
Human Lymphocyte activation gene 3 protein(LAG3) ELISA
Flow Cytometry Detection of LAG-3 antibody
MHCII biochemical binding HTRF assay
MHCII Blockade Bioassay
LAG3/MHCII biochemical binding HTRF assay
LAG-3/MHCII Blockade Bioassay
CTLA-4 Blockade Bioassay
CTLA 4 Blockade Bioassay
Blockade Bioassay
Microsatellite Instability Testing
Tumor Mutational Burden Analysis
Minimal Residual Disease Testing
NGS-based MRD testing
Homologous recombination deficiency (HRD) testing
Homologous recombination deficiency (HRD) test
Homologous recombination deficiency testing
HRD testing
HRD test
von Hippel-Lindau (VHL) Sequencing
von Hippel Lindau (VHL) Sequencing
VHL Sequencing
VHL Gene Mutation test
VHL elisa kit
VHL - PrimePCR Assay
Human Hypoxia Inducible Factor 2 Alpha Assay
HIF2a (Hypoxia Inducible Factor 2 Alpha) BioAssay ELISA
Hypoxia Inducible Factor 2 Alpha
SOC tissue biopsy based NGS assay
Standard of Care tissue biopsy based NGS assay
cfDNA-based liquid biopsy assay
Cell-free plasma DNA based liquid biopsy assay
Plasma Genotyping Assay
paired ddPCRt
ddPCR-based plasma genotyping
ddPCR based plasma genotyping
The Prosigna Assay
Sanger sequencing 
Sanger sequencing 
Sanger sequencing 
IHC 
ISH
FISH
PCR
NGS
ELISA 
HRD 
HTRF
FRET
Blockade Bioassay
Liquid biopsy assay
Flow Cytometry
cfDNA analysis 
Reflex panel
Sanger sequencing 
Sequencing
DNA Sequencing 
Immunohistochemistry 
In Situ Hybridization
Fluorescence in situ hybridization
Polymerase Chain Reaction
ddPCR
dPCR
droplet digital PCR 
digital PCR 
RT-PCR
rRT-PCR 
reverse transcription polymerase chain reaction
real time reverse transcription polymerase chain reaction
Real time PCR
Next-generation sequencing
Plasma NGS
tumor NGS 
Enzyme Linked Immunoassay Test
Homologous recombination deficiency test
Homogeneous Time Resolved Fluorescence
Fluorescence resonance energy transfer
Bond Oracle
Cobas
Dako
FoundationFocus
HercepTest
InVisionFirst
LeukoStrat
Myriad
NeoLAB
NeoTYPE
Oncomine
PathVysion
pharmDx
Prosigna
SPOT Light
therascreen
THXID
VENTANA
Vysis
Praxis
Abbott
FoundationOne
MRDx
PDGFRB
FerriScan
Guardant360
MEBGEN
OncoBEAM
Histofine
Falco
OncoGuide
Oncomain
myChoice
Oncomaine
ArcherMET
Poteligeo
AmoyDx
Trimgen
Oasis
NeoGenomics
EntroGen
Amoy
Pyro
ARCObiosystems
Origene
Shuwen
PathHunter
AlphaLISA
Invitrogen
Qiagen
Oasis Diagnostics
GENECAST
TRUPCR
Labcrop
StripAssay
Abcam
DuoSet
ACROBiosystems
Biomatik
Cisbio
Promega
Biocampare
RayBiotech
Blueprint
BRCAssure
BRCAvantage
CG-GENE-16
Creative Biolabs
MilliporeSigma
New TrueMark
Idylla
Q2 Solutions 
clonoSEQ
RareSeq
HRD
Amoy diagnostics
GeneDx
NTD genetics
Biocompare
KyvoBio
LUNAR
Guardant
GuardantINFORM
CISH
SISH
Dual ISH
chromogenic in situ hybridization
silver enhanced in situ hybridization
Dual in situ hybridization
ICC
DISH
HerceptinÂ®
NGF
next-generation flow cytometry
Next Generation Flow cytometry
NGFC
immunocytochemistry
MALDI-TOF
WES
Whole exome sequencing
Matrix-Assisted Laser Desorption/Ionization-Time Of Flight
ClonoSIGHT
MGH-Snapshot
MSK-IMPACT