anti-
soluble
Effects off
Targeted
blocks
activated by
inhibits
inhibitor-
allergy to
Antibody
suppression of
immunosuppressive
trap
Inhibiting
targeting to
targeting the
to target
Antisense
in Treatment
antibodies
Fusion Protein
inhibitors
therapies
antagonist
IMP321
inhibitor
inhibitation
inhibition
inhibit
only Treatment
with Treatment
bispecific
bi-specific
blocking
blockade
Bilogical
for Treatment
monitor closely for signs
no other
no symptoms reported
no symptom reported
figure out
abstinent
cannot
cannot see
declined
declines
denied
denies
denying
fails to reveal
neither
no cause of
no complaints of
no mammographic evidence of
no new
no radiographic evidence of
not appear
not appreciate
not complain of
not reveal
not see
rather than
unremarkable for
with no evidence of
anti-
anti
work up
unremarkable
unable to determine
was called
risk
protocal taken
PRECAUTIONS
needs to be addressed
D/Dx
GETTING BETTER
is not used
might have been
normal
NOT SIGNIFICANT
not visualized
on the differential
that are declining
fusion protein is the treatment
Therapy in
