The Prosigna Assay
InVisionFirst®-Lung liquid biopsy test
NeoLAB Solid Tumor Liquid Biopsy
NeoTYPE® Brain Tumor Profile
NeoTYPE® Discovery Profile for Solid Tumors
NeoTYPE® Head & Neck Tumor Profile
NeoTYPE® HRD+ Profile
NeoTYPE Liver/Biliary Tumor Profile
NeoTYPE Lung Tumor Profile
NeoTYPE Precision Profile
Oncomine Dx Target Test
cobas EZH2 Mutation Test
PD-L1 IHC 28-8 pharmDx
therascreen BRAF V600E RGQ PCR Kit
Myriad myChoice® CDx
therascreen PIK3CA RGQ PCR Kit
therascreen FGFR RGQ RT-PCR Kit
VENTANA PD-L1 (SP142) Assay
cobas 4800 BRAF V600 Mutation Test
Vysis ALK Break Apart FISH Probe Kit
THXID BRAF Kit
HER2 FISH pharmDx Kit
HercepTest
INFORM HER2 Dual ISH DNA Probe Cocktail
HER2 CISH pharmDx Kit
Bond Oracle HER2 IHC System
SPOT-LIGHT HER2 CISH Kit
InSite Her-2/neu KIT
PATHWAY antiHer2/neu (4B5) Rabbit Monoclonal Primary Antibody
PathVysion HER-2 DNA Probe Kit
INFORM HER-2/neu
Dako c-KIT pharmDx
Dako EGFR pharmDx Kit
therascreen KRAS RGQ PCR Kit
cobas KRAS Mutation Test
Vysis CLL FISH Probe Kit
FoundationFocus CDxBRCA Assay
LeukoStrat CDx FLT3 Mutation Assay
Praxis Extended RAS Panel
Abbott RealTime IDH2
VENTANA ALK (D5F3) CDx Assay
FoundationOne CDx
MRDx BCR-ABL Test
Abbott RealTime IDH1
PD-L1 IHC 22C3 pharmDx
therascreen EGFR RGQ PCR Kit
BRACAnalysis CDx
cobas EGFR Mutation Test v2
"VENTANA ALK (D5F3) CDx Assay	"
FoundationFocus CDxBRCAAssay
PDGFRB FISH for Gleevec Eligibility in Myelodysplastic Syndrome / Myeloproliferative Disease (MDS/MPD)
PATHWAY anti-Her2/neu (4B5) Rabbit Monoclonal Primary Antibody
VENTANA PD-L1(SP142) Assay
KIT D816V Mutation Detection by PCR f
FerriScan
VENTANA HER2 Dual ISH DNA Probe Cocktail
Guardant360® CDx
FoundationOne® Liquid CDx
MEBGEN RASKET-B kit
OncoBEAM RAS CRC kit
FoundationOne CDx Cancer Genome Profile
Histofine ALK iAEP Kit
Ventana OptiView ALK (D5F3)
Vysis ALK Break Apart FISH Probe Kit
Oncomine Dx Target Test Multi CDx System
Cobas EGFR Mutation Detection Kit v2.0
therascreen EGFR Mutation Detection Kit RGQ "Qiagen"
EGFR Liquid Genetic Analysis Software
Leukostrat CDx FLT3 mutation test
MSI test kit (FALCO)
PD-L1 IHC 22C3 pharmDx "Dako"
Ventana OptiView ALK (D5F3)
OncoGuide AmoyDx ROS1 Fusion genetic detection kit
Oncomain Dx Target Test Multi CDx System
EGFR Liquid Genetic Analysis Software
myChoice CDx
Cobas BRAF V600 Mutation Detection Kit
Oncomaine Dx Target Test Multi CDx System
Oncomaine Dx Target Test Multi CDx system
Ventana OptiView PD-L1 (SP142)
ArcherMET Companion Diagnostic System
therascreen BRAF V600E Mutation Detection Kit RGQ "Qiagen"
Poteligeo FCM
Poteligeo IHC
BRAC Analysis Diagnostic System
Oncomine Dx Target Test Multi CDx system
AmoyDx KRAS Mutation detection
TheraScreen K-Ras Mutation kit
Cobas KRAS Mutation Test
Trimgen KRAS Mutation detection
Oasis diagnostics KRAS strip Assay
NeoGenomics KRAS Mutation Analysis
EntroGen NRAS Mutation Analysis
Amoy Diagnostics NRAS Mutation Analysis
NRAS Pyro Kit
NeoGenomics NRAS Mutation Analysis
ARCObiosystems PD-L1 assay
Origene PD-L1 Assay
VENTANA PD-L1 (SP263) Assays
NeoGenomics PD-L1 22C3
Shuwen Biotech's PD-L1 Detection Kit
PathHunter® PD-1 (SHP1) Signaling Bioassay Kit
PD-L1 IHC 22C3 pharmDx
PD-1/PD-L1 (human) AlphaLISA Binding Kit
Invitrogen PD-L1 Human ELISA
Entrogen BRAF Codon 600 Mutation Analysis
Qiagen BRAF RGQ PCR Kit
Biosynthesis BRAF Codon 600 Mutation Analysis
Trimgen BRAF Mutation Detection
Therascreen® BRAF V600E RGQ PCR Kit - P190026
ddPCR BRAF V600 Screening Kit #12001037
GENECAST BRAF Mutation Test
TRUPCR® BRAF Mutation
Labcrop BRAF Gene Mutation Analysis
KRAS – BRAF StripAssay® - Oasis Diagnostics®
Invitrogen LAG-3 Human ELISA Kit
LAG-3 (human) AlphaLISA Detection
Abcam Human LAG3 ELISA Kit (ab193707)
LAG3:FGL1[Biotinylated] Inhibitor Screening Assay
Human LAG-3 DuoSet ELISA DY2319B
ACROBiosystems LAG3 Assay
Biomatik Corporation Human Lymphocyte Activation Gene 3 (LAG3) ELISA
Cisbio LAG3/MHCII biochemical binding HTRF assay
Promega LAG-3/MHCII Blockade Bioassay
Biocampare TIGIT ELISA
ACROBiosystems Tigit FACS for Antibody screening
RayBiotech TIGIT ELISA
Blueprint Genetics CD27 single gene test
Biocampare CD27 ELISA
Invitrogen CD27 (Soluble) Human Instant ELISA™ Kit
BRCAssure®: BRCA1 and BRCA2 Comprehensive Analysis
Myriad Genetics BRCA Analysis
BRCAvantage™ testing
CG-GENE-16 BRCA Genetic Testing
Promega CTLA-4 Blockade Bioassay
CTLA-4 (human) AlphaLISA Detection assay
Creative Biolabs CTLA-4 Blockade Assay
MilliporeSigma TMB assay
New TrueMark™ MSI Assay
Promega Microsatellite Instability Testing
Thermo Fisher Scientific Microsatellite Instability (MSI) Assay
Neogenomics Microsatellite Instability Analysis (MSI)
Idylla MSI Assay
Q2 solutions Microsatellite Instability (MSI) Assay
Q2 solutions Tumor Mutational Burden Analysis
FoundationOne®CDx TMB-H assay
clonoSEQ Ultra-senstive MRD Detection
RareSeq™ for MRD Detection
HRD geneomic instability test
Amoy Diagnostics - HRD Focus Panel_Amoydx
GeneDx VHL Gene Sequencing & Del/Dup
NTD Genetics VHL Gene Sequencing
Biocompare VHL ELISA Kits
RayBiotech Human VHL Immuno-PCR - IQELISA™ [IQH-VHL]
KyvoBio ELISA Kit for Hypoxia Inducible Factor 2 Alpha (HIF2a)
Cisbio HIF-1a HTRF kit
Oncomine Precision Oncology assay
LUNAR-2 Blood Test
Guardant Reveal™ Blood Test
Guardant360® Blood Tests
GuardantINFORM™ Real-World Evidence Platform