Alzheimer’s disease
Alzheimer's disease
Alzheimer''s disease
Alzheimers disease
Alzheimer disease
Alzheimer''s dementia
Alzheimer's dementia
Alzheimers dementia
Alzheimer dementia
Dementia of the Alzheimer
degenerative dementia of the Alzheimer
Dementia, Alzheimer
Dementia Alzheimer
Alzheimer-type Dementia
Alzheimer type Dementia
Alzheimers type Dementia
Alzheimers-type Dementia
Dementia of the Alzheimer''s
Dementia of the Alzheimer's
Dementia of the Alzheimers
Parkinson's Disease
Parkinsons Disease
Parkinson Disease
Idiopathic Parkinson's disease
Idiopathic Parkinsons disease
Idiopathic Parkinson disease
Idiopathic PD
Huntington's disease
Huntingtons disease
Huntington disease
Huntington chorea
Huntingtons chorea
Huntington's chorea
Multiple Sclerosis
Relapsing-remitting Multiple Sclerosis
Secondary-progressive Multiple Sclerosis
Relapsing remitting Multiple Sclerosis
Secondary progressive Multiple Sclerosis
Primary-progressive Multiple Sclerosis
Primary progressive Multiple Sclerosis
Clinically Isolated Syndrome
Bipolar Disorder
Bipolar I disorder
Bipolar II disorder
Cyclothymia
Manic-depressive illness
Manic-depressive disorder
Manic depressive illness
Manic depressive disorder
Schizophrenia
Residual schizophrenia
Paranoid schizophrenia
Disorganized schizophrenia
Catatonic schizophrenia
Undifferentiated schizophrenia
Cenesthopathic schizophrenia
Simple schizophrenia
Schizophrenic disorder
Hebephrenic schizophrenia
Asthma
Bronchial asthma
Allergic asthma
Non-allergic asthma
Exercise-induced asthma
Occupational asthma
Cough-variant asthma
Aspirin-induced asthma
Steroid-resistant asthma
Childhood Asthma
Pediatric Asthma
Eosinophilic Asthma
Chronic Obstructive Pulmonary Disease
Chronic Bronchitis
Emphysema
Chronic Obstructive Lung Disease
Chronic Obstructive Lung Diseases
Chronic Obstructive Airway Disease
Chronic Obstructive Airway Diseases
Chronic Airflow Limitation
Chronic Airflow Obstruction
COPD
Chronic Pulmonary Obstruction
Chronic Obstr Lung Disease
Chronic Obstr Lung Diseases
Chronic Obstructive Airways Disease
Chronic Obstructive Pulmonary Diseases
Pulmonary Disease, Chronic Obstructive
Major Depressive Disorder
Melancholic depression
Anxious Distress
Atypical depression
Psychotic depression
Seasonal depression
Treatment-Resistant Depression
Treatment Resistant Depression
Postpartum depression
Clinical depression
Unipolar depression
Major depression
Recurrent depressive disorder