Geographic atrophy
Noncentral Geographic Atrophy
Central Geographic Atrophy
Chronic Inflammatory Demyelinating Polyneuropathy
Typical CIDP
Distal Acquired Demyelinating Symmetric CIDP
Multifocal Acquired Demyelinating Sensory and Motor CIDP
Major Depressive Disorder
Melancholic depression
Anxious Distress
Atypical depression
Psychotic depression
Seasonal depression
Treatment-Resistant DepressionGeographic atrophy
Treatment Resistant Depression
Postpartum depression
Schizophrenia
Residual schizophrenia
Paranoid schizophrenia
Disorganized schizophrenia
Catatonic schizophrenia
Undifferentiated schizophrenia
Cenesthopathic schizophrenia
Simple schizophrenia
Generalized Anxiety Disorder
Bipolar Disorder
Bipolar I disorder
Bipolar II disorder
Cyclothymia
Rapid cycling bipolar
Autism Spectrum Disorder
Myasthenia Gravis
Ocular Myasthenia Gravis
Generalized Myasthenia Gravis
Early-Onset Myasthenia Gravis
Late-Onset Myasthenia Gravis
Early Onset Myasthenia Gravis
Late Onset Myasthenia Gravis
Seronegative Myasthenia Gravis
Thymoma-Associated Myasthenia Gravis
Thymoma Associated Myasthenia Gravis
Persistent Depressive Disorder
anxious Dysthymia
anergic Dysthymia
Parkinson's Disease
Parkinsons Disease
Parkinson Disease
Idiopathic Parkinson's disease
Idiopathic Parkinsons disease
Idiopathic Parkinson disease
Multiple Sclerosis
Relapsing-remitting Multiple Sclerosis
Secondary-progressive Multiple Sclerosis
Relapsing remitting Multiple Sclerosis
Secondary progressive Multiple Sclerosis
Primary-progressive Multiple Sclerosis
Primary progressive Multiple Sclerosis
Clinically Isolated Syndrome
Amyotrophic Lateral Sclerosis
Classical ALS
Progressive muscular atrophy
Primary Lateral Sclerosis
progressive bulbar palsy or progressive bulbar atrophy
Sporadic ALS
Familial ALS
Huntington's disease
Huntingtons disease
Huntington disease
Geographic atrophy of the macula
Geographic atrophy secondary to AMD
Advanced Dry AMD
late-stage Dry AMD
late stage Dry AMD
Chronic relapsing polyneuropathy
Clinical depression
Unipolar depression
Major depression
Recurrent depressive disorder
Schizophrenic disorder
Hebephrenic schizophrenia
Generalised anxiety disorder   
Generalized anxiety
Chronic anxiety disorder
Bipolar affective disorder
Manic-depressive illness
Manic-depressive disorder
Manic depressive illness
Manic depressive disorder
Bipolar Spectrum Disorder
Autism
Autistic disorder
Asperger's syndrome
Aspergers syndrome
Asperger syndrome
Pervasive Developmental Disorder
Dysthymia
Dysthymic disorder
Chronic depressive disorder
Lou Gehrig's disease
Lou Gehrigs disease
Lou Gehrig disease
Huntington chorea
Huntingtons chorea
Huntington's chorea