Geographic Atrophy
Noncentral Geographic Atrophy
Central Geographic Atrophy
Geographic atrophy of the macula
Geographic atrophy secondary to AMD
Advanced Dry AMD
late-stage Dry AMD
late stage Dry AMD
NCGA
Chronic Inflammatory Demyelinating Polyneuropathy
CIDP
Chronic relapsing polyneuropathy
Typical Chronic Inflammatory Demyelinating Polyneuropathy
Typical CIDP
Distal Acquired Demyelinating Symmetric CIDP
Multifocal Acquired Demyelinating Sensory and Motor CIDP
Major Depressive Disorder
Melancholic depression
Anxious Distress
Atypical depression
Psychotic depression
Seasonal depression
Treatment-Resistant Depression
Treatment Resistant Depression
Postpartum depression
Clinical depression
Unipolar depression
Major depression
Recurrent depressive disorder
Schizophrenia
Residual schizophrenia
Paranoid schizophrenia
Disorganized schizophrenia
Catatonic schizophrenia
Undifferentiated schizophrenia
Cenesthopathic schizophrenia
Simple schizophrenia
Schizophrenic disorder
Generalized Anxiety Disorder
Generalised anxiety disorder
Generalized anxiety
Chronic anxiety disorder
Bipolar Disorder
Bipolar I disorder
Bipolar II disorder
Cyclothymia
Rapid cycling bipolar
Bipolar affective disorder
Manic-depressive illness
Manic-depressive disorder
Manic depressive illness
Manic depressive disorder
Bipolar Spectrum Disorder
Autism Spectrum Disorder
Autism
Autistic disorder
Asperger's syndrome
Aspergers syndrome
Asperger syndrome
PDD-NOS
PDD NOS
Pervasive Developmental Disorder
Myasthenia Gravis
Ocular Myasthenia Gravis
Generalized Myasthenia Gravis
Seronegative Myasthenia Gravis
Thymoma-Associated Myasthenia Gravis
Thymoma Associated Myasthenia Gravis
TAMG
Persistent Depressive Disorder
anxious Dysthymia
anergic Dysthymia
Dysthymia
Dysthymia disorder
Dysthymic disorder
Chronic depressive disorder
Parkinson's Disease
Parkinsons Disease
Parkinson Disease
Idiopathic Parkinson's disease
Idiopathic Parkinsons disease
Idiopathic Parkinson disease
Ideopathic Parkinson's disease
Ideopathic Parkinsons disease
Ideopathic Parkinson disease
Multiple Sclerosis
Relapsing-remitting Multiple Sclerosis
Secondary-progressive Multiple Sclerosis
Primary-progressive Multiple Sclerosis
Relapsing remitting Multiple Sclerosis
Secondary progressive Multiple Sclerosis
Primary progressive Multiple Sclerosis
Clinically Isolated Syndrome
RRMS
SPMS
PPMS
Amyotrophic Lateral Sclerosis
Classical Amyotrophic Lateral Sclerosis
Progressive muscular atrophy
Primary Lateral Sclerosis
progressive bulbar palsy
Sporadic Amyotrophic Lateral Sclerosis
Familial Amyotrophic Lateral Sclerosis
ALS
Lou Gehrig's disease
Lou Gehrigs disease
Lou Gehrig disease
Classical ALS
Progressive bulbar atrophy
Sporadic ALS
Familial ALS
Huntington's disease
Huntington disease
Huntingtons disease
Huntington chorea
Huntingtons chorea
Huntington's chorea
Asthma
Bronchial asthma
Allergic asthma
Non-allergic asthma
Non allergic asthma
Exercise-induced asthma
Exercise induced asthma
Occupational asthma
Cough-variant asthma
Cough variant asthma
Aspirin-induced asthma
Aspirin induced asthma
Steroid-resistant asthma
Steroid resistant asthma
Childhood Asthma
Pediatric Asthma
Chronic Obstructive Pulmonary Disease
Chronic Bronchitis
Emphysema
Chronic Obstructive Lung Disease
Chronic Obstructive Airway Disease
COAD
Chronic Airflow Limitation
Chronic Airflow Obstruction
COPD
Chronic Pulmonary Obstruction
Chronic Obstr Lung Disease
Chronic Obstructive Airways Disease
Chronic Obstructive Pulmonary Diseases
Alzheimer’s disease
Alzheimer's disease
Alzheimer''s disease
Alzheimers disease
Alzheimer disease
Alzheimer''s dementia
Alzheimer's dementia
Alzheimers dementia
Alzheimer dementia
Dementia of the Alzheimer
degenerative dementia of the Alzheimer
Dementia, Alzheimer
Dementia Alzheimer
Alzheimer-type Dementia
Alzheimer type Dementia
Alzheimers type Dementia
Alzheimers-type Dementia
Dementia of the Alzheimer''s
Dementia of the Alzheimer's
Dementia of the Alzheimers
Idiopathic PD
Hebephrenic schizophrenia
Eosinophilic Asthma
Chronic Obstructive Lung Diseases
Chronic Obstructive Airway Diseases
Chronic Obstr Lung Diseases
Pulmonary Disease, Chronic Obstructive
Dry AMD
CGA
Distal Acquired Demyelinating Symmetric
DADS
Multifocal Acquired Demyelinating Sensory and Motor
MADSAM
Generalised anxiety disorder
GAD
Generalised Myasthenia Gravis
Seronegative Myasthenia
GravisOcular Myasthenia Gravis
PDD