AEL
AITL
ALCL
AML
Anaemia
Anemia
Angiosarcoma
aRCC
Astrocytoma
ATLL
B ALL
B-ALL
BCC
B-NHL
BPDCN
BTC
Casration-sensitive
Castration-resistant
CBCL
ccRCC
CEL-NOS
cHL
Cholangiocarcinoma
Chondrosarcoma
Chordoma
CLL
CML
CMML
CRPC
cSCC
CSPC
CTCL
DIPG
DLBCL
DSRCT
EATL
Ependymoma
ESCC
ES-SCLC
Essential Thrombocythemia
ETTL
GBM
GEJ
GEP-NET
GEP-NETs
Gestational Trophoblastic disease
GIST
Glial
Glioblastoma
Glioma
Gliomas
Gliosarcoma
GTD
GTN
HCC
Hemangiosarcoma
Hepatoblastoma
HGSOC
HNSCC
HSPC
IVLBCL
JMML
LBCL
LBL
Leiomyosarcoma
Leukaemia-Lymphoma
Leukaemias
Leukemia
Leukemia-Lymphoma
Leukemias
LGSOC
Liposarcoma
LS-SCLC
Lymphoma
Lymphomas
Lymphoproliferative
mBC
mCRC
mCRPC
mCSPC
MDS
Medulloblastoma
Melanoma
Meningioma
Mesothelioma
mHNSCC
mHSPC
MIBC
mNSCLC
MPN
MPNs
mTNBC
Myelodysplastic Syndrome
Myelodysplastic Syndromes
Myelofibrosis
Myeloma
MZL
nccRCC
Neuroblastoma
NHL
NKTL
NLPHL
nmCRPC
nmCSPC
nmHSPC
NMIBC
NMSC
NMZL
NPC
NSCLC
Oligodendroglioma
OPSCC
Oral Cancer
OSCC
Osteosarcoma
Paraganglioma
PCALCL
PCNSCL
PDAC
Pheochromocytoma
PMBCL
PMBL
PMF
Polycythemia Vera
PTCL
PTCL-NOS
RCC
Retinoblastoma
Rhabdomyosarcoma
rrPMBCL
SCCHN
SCLC
SCNSL
Seminoma
Sickle Cell Disease
Sickle Cell Diseases
SLL
SMM
SMZL
T ALL
T PLL
T-ALL
Thalassaemia
Thalassemia
THRLBCL
Thrombocytopenia
Thrombocytopenic
Thymoma
TNBC
T-PLL
triple negative BC
triple-negative BC
Waldenstrom Macroglobulinemia
Waldenström macroglobulinemia
Waldenström macroglobulinaemia
Waldenström''s macroglobulinemia
Waldenstrom''s macroglobulinemia
Myelodysplasia Syndrome
Myelodysplasia Syndromes
nsNSCLC
sNSCLC
LPL
UTUC
OESCC
ESCN
Esophageal SCC