Abdomen
Abdominal
Actinic
Adenocystic
Adenoid Cystic
Adenopancreatic
Adrenal
Adrenocortical
Adrenocortical Cortex
Anal
Anaplastic
Angioimmunoblastic
Anus
Aplastic
Appendiceal
Appendix
Basal Cell
Basal-Cell
Bile Duct
Bile Tract
Biliary
Biliary Tract
Bladder
Blastic Plasmacytoid
blood
Brain
Breast
Burkitt
Carcinoid
CARDIOESOPHAGEAL
Central Nervous System
Cervical
Cervix
Cholangiocellular
Cholangiolar
Choriocarcinoma
CNS
Collecting Duct
Colon
Colorectal
Colo-rectal
Cutaneous
Desmoid
Desmoplastic
Diffuse Large
Diffuse-Large
Digestive
Digestive stromal
Dysgerminoma
Endocrine
Endometrial
Endometrium
Enteropathy Associated
Enteropathy-Associated
Eosinophilic
Esophageal
esophagogastric
Esophagus
Ewing
Eye
Fallopian
Fallopian Tube
Follicle
Follicular
Gall bladder
Gallbladder
Gall-bladder
Gastric
Gastro esophageal
Gastro oesophageal
Gastroesophageal
gastro-esophageal
gastroesophageal junction
Gastrointestinal
gastrointestinal stromal
Gastro-intestinal Stromal
Gastro-oesophageal
GE junction
Genitourinary
Germ Cell
Gestational Trophoblastic
Giant Cell
Glucagonoma
Granulocytic
Gynecologic
Hairy Cell
Hairy-Cell
Head
Head and Neck
Head/Neck
Hematologic
Hematological
Hematopoietic
Hemolytic
Hepatic
Hepatocellular
Hepatoma
Hodgkin
Hodgkin''s
Hypopharyngeal
Idiopathic
Immune
Intestine
Intestine stromal
Intravascular large
Iron Deficiency
Islet cell
Kaposi
Kidney
Laryngeal
Larynx
Liver
Lung
Lymphoblastic
Lymphocytic
Lymphoid
Lymphoplasmacytic
Lymphoplasmacytoid
Marginal Zone
Marginal-Zone
Mediastinal
Merkel Cell
Merkel-Cell
Myeloblastic
myelocytic
Myelodysplastic
Myelogenous
Myeloid
Myelomonocytic
Myeloproliferative
Nasopharyngeal
Nasopharynx
Neck
Nephroblastoma
Neuroendocrine
Neutrophilic
Nocturnal
Non Hodgkin
Non melanoma
Non-Hodgkin
non-Hodgkin's
non Hodgkin's
Non-lymphocytic
Non-melanoma
Ocular
Oesophageal
Oesophagogastric
Oesophagus
Oral Cavity
Oropharyngeal
Oropharynx
Ovarian
Ovaries
Ovary
Pancreas
Pancreatic
Parathyroid
Penile
Penis
Peripheral
Peritoneal
Peritoneum
Pituitary
Plasma Cell
Plasma-Cell
Prolymphocytic
Promyelocytic
Prostate
Prostatic
Prostrate
Rectal
Rectum
Renal
Renal Cell
Renal pelvic
Richter
Salivary Gland
Seminoma
Skin
Soft Tissue
Solid
Stomach
Synovial
Testicular
Thymic
Thymus
Thyroid
Transitional cell
Urachal
Ureteral
Urethral
Urinary
Urinary Tract
Urogenital
Urologic
Urothelial
Uterine
Uterus
Vagina
Vaginal
Vulva
Vulvar
Waldenstrom
Waldenstroms 
Waldenstrom's 
Wilms
Wilm's
Pancreatic Ductal
primary peritoneal
esophagogastric junction