Inclusion Criteria
Exclusion Criteria
Key Inclusion Criteria
Key Exclusion Criteria
Patients who meet the following criteria will be excluded
Inclusion Criteria (General Phase 1 and Phase 1b)
Main inclusion criteria are
Main exclusion criteria are
Inclusion
Exclusion
Inclusion Criteria: Subjects must meet all of the following criteria
Exclusion Criteria: Subjects with one or more than one of the following criteria should be
Inclusion Criteria Phase 1b
Exclusion Criteria Phase 1b
Inclusion Criteria Phase 2
Exclusion Criteria Phase 2
Cohort A Inclusion Criteria
Cohort B Inclusion Criteria
Cohort A Exclusion Criteria
Cohort B Exclusion Criteria
DISEASE CHARACTERISTICS
PATIENT CHARACTERISTICS
Study Participant Inclusion Criteria
Study Participant Exclusion Criteria
Key Exclusion Criteria (all parts)
Key Inclusion Criteria (all parts)
Inclusion Criteria:Subjects with relapsed/refractory B-cell non-Hodgkin''s lymphoma
Exclusion Criteria:Any one of the following conditions cannot be selected as a subject
Major Inclusion Criteria
Major Exclusion Criteria
Main Inclusion Criteria Escalation Part
Main Inclusion Criteria Expansion Part
Key Phase 1 Inclusion Criteria
Key Phase 1 Exclusion Criteria
Inclusion (Inc) Criteria
Exclusion (Exc) Criteria