Acute cutaneous lupus
Acute cutaneous lupus erythematosus
Adult Onset Stills Disease
Adult Onset Still's Disease
Adult-Onset Stills Disease
Adult-Onset Still's Disease
Allergic colitis
Alopecia
Alopecia Areata
Anemia
Angiitis
Ankylosing Spondylitis
Arteritis
Arthritis
arthritis psoriatic
arthritis, psoriatic
Atopic Dermatitis
Atopic eczema
Autoimmune Anaemia
Autoimmune Anemia
Autoimmune Aplastic Anaemia
Autoimmune Aplastic Anemia
Autoimmune disease
Autoimmune enteropathy
Autoimmune Hemolytic Anaemia
Autoimmune Hemolytic anemia
Autoimmune myositis
Autoimmune Thrombocytopenia
Autoimmune Thrombocytopenic Purpura
Autoinflammatory disease
Axial SpA
Axial SpA Giant Cell Arteritis
Axial spondylarthritis
Axial Spondylitis
Axial spondyloarthritis
Axial Spondylytis
Caplan syndrome
Caplans syndrome
Celiac Disease
Chronic Cutaneous Lupus Erythematosus
chronic hives
Chronic Urticaria
coeliac disease
Cold agglutinin disease
Cold Autoimmune Hemolytic Anemia
Cold type Autoimmune Hemolytic Anaemia
Cold type Autoimmune Hemolytic Anemia
ColdU
Colitis
Convulsive disorder
Convulsive disorders
Crohn Disease
Crohn s Disease
Crohns (granulomatous) colitis
Crohn's (granulomatous) colitis
Crohns colitis
Crohn's colitis
Crohn's Disease
Cutaneous Lupus Erythematosus
degenerative arthritis
Degenerative disease
Degenerative diseases
Dermatitis
Dermatitis Eczema
Dermatitis herpetiformis
Dermatomyositis
Discoid Lupus Erythematosus
Duhring disease
Dyshidrotic eczema
Eczema
elephantine psoriasis
enteropathic arthritis
Enteropathy
Eosinophilic Esophagitis
Epidermolysis bullosa acquisita
Epidermolysis bullosa simplex
Erythrodermic Psoriasis
Familial Cold Urticaria
Fistulizing Crohns Disease
Gastroduodenal Crohn’s
Gastroduodenal Crohns
Genetic disorders (e.g. Huntington's disease)
Genital Psoriasis
Giant Cell Arteritis
Giant Cell Arteritis/ Temporal Arteritis
gouty arthritis
Guttate Psoriasis
Hand osteoarthritis
Hemolytic disease of the fetus
Hemolytic disease of the fetus and newborn
Heparin induced thrombocytopenia
Heparin-induced thrombocytopenia
Hidradenitis Suppurativa
Hip osteoarthritis
IBD
ICI-associated colitis
Idiopathic inflammatory myopathies
Idiopathic Thrombocytopenia Purpura
Idiopathic Thrombocytopenic Purpura
Ileitis
Ileocolitis
Immune Thrombocytopenia
inflammatory arthritis
Inflammatory bowel disease
Inflammatory Bowel Diseases
Inverse Psoriasis
Ischemic colitis
JDM
JDMS
Jejunoileitis
Juvenile Dermatomyositis
juvenile idiopathic arthritis
Juvenile polymyositis
Juvenile Psoriatic Arthritis
knee arthritis
Knee osteoarthritis
lichenified psoriasis
linear psoriasis
Lupus
lupus erythematosus
Lupus erythematousus
Lupus nephritis
mPV
Muckle Wells Syndrome
Muckle-Wells Syndrome
Myositis
nail psoriasis
neonatal lupus
Neuropsychiatric Lupus
Nonradiographic axial SpA
Nonradiographic axial spondyloarthritis
Non-radiographic axial spondyloarthritis
nr-axSpA
NSV
oligoarticular juvenile idiopathic arthritis
osteo arthritis
osteoarthritis
Osteoarthritis of the hand
Osteoarthritis of the hip
Osteoarthritis of the knee
ostraceous psoriasis
palmar plantar psoriasis
palmar-plantar psoriasis
palmo plantar psoriasis
Palmoplantar psoriasis
palmo-plantar psoriasis
Palmoplantar Pustulosis
Palmo-plantar Pustulosis
Pediatric celiac disease
Pediatric Crohn's Disease
Pediatric Plaque Psoriasis
Pediatric Psoriasis
Pediatric Ulcerative Colitis
Pemphigus
Pemphigus vulgaris
Perianal Crohns Disease
Peripheral Spondyloarthritis
Pernicious Anaemia
Pernicious anemia
photosensitive psoriasis
Plaque psoriasis
polyarticular juvenile idiopathic arthritis
polymyalgia rheumatica
Polymyositis
Primary angiitis
primary arthritis
Primary Immune Thrombocytopenia
Pseudomembranous colitis
Psoriasis
psoriasis vulgaris
psoriatic arthritis
Pustular Psoriasis
Radiographic axial SpA
Radiographic axial spondyloarthritis
r-axSpA
reactive arthritis
rheumatoid arthritis
Rheumatoid Nodule
Rheumatoid Pneumoconiosis
Rheumatoid Polyarthritis
Rheumatoid Vasculitis
scalp psoriasis
Schnitzler Syndrome
Schnitzlers Syndrome
Schnitzler's Syndrome
Seborrheic dermatitis
secondary arthritis
SJIA
Sjogren sydrome
Sjögren syndrome
Sjogrens Syndrome
Sjogren's Syndrome
Sjögrens syndrome
Sjögren's syndrome
Sneddon-Wilkinson Syndrome
Spondylarthritis
Spondylitis
Spondylitis, Ankylosing
Spondyloarthritis
Stasis Dermatitis
Stills disease
Still's Disease
Still's Disease, Adult-Onset
Systemic JIA
systemic juvenile idiopathic arthritis
Systemic Lupus Erythematosus
Takayasu Arteritis
Temporal Arteritis
Thrombocytopenia
traumatic arthritis
Ulcerative Colitis
ulcerative proctitis
Urticaria
Vasculitis
Vesicular Palmoplantar Eczema
Vitiligo
WAIHA
Warm Antibody Autoimmune Haemolytic Anaemia
Warm Antibody Autoimmune Haemolytic Anemia
Warm Antibody Autoimmune Hemolytic Anaemia
Warm Antibody Autoimmune Hemolytic Anemia
Warm Autoimmune Haemolytic Anaemia
Warm Autoimmune Haemolytic Anemia
Warm Autoimmune Hemolytic Anaemia
Warm Autoimmune Hemolytic Anemia
Wegener's vasculitis
Non Radiographic Axial Spondyloarthritis
Prurigo Nodularis
CONGENITAL HEART BLOCK
Fetal and neonatal alloimmune thrombocytopenia
IDIOPATHIC INFLAMMATORY MYOPATHY
Colitis
Eosinophilic gastritis
Gastroenteritis
Eosinophilic gastroenteritis
Autoinflammatory Syndromes
Uveitis
Lichen Planus
Erythema multiforme
Sarcoidosis
Congenital heart block
Congenital Complete Heart Block
Congenital Complete Atrioventricular Heart Block
Congenital Heart Disease
Congenital Aortic Stenosis
Congenital Heart Defect
Atrioventricular block
Neonatal alloimmune thrombocytopenia
Fetomaternal alloimmune thrombocytopenia
Fetal/neonatal alloimmune thrombocytopenia
fetal-neonatal alloimmune thrombocytopenia
fetal - neonatal alloimmune thrombocytopenia
Idiopathic inflammatory myopathies
Idiopathic inflammatory myositis
Inflammatory myopathy, idiopathic
Polymyositis
Necrotizing autoimmune myopathy
Sporadic Inclusion Body Myositis
Indeterminate colitis
Eosinophilic colitis
Microscopic colitis
Behcet Syndrome
Cryopyrin Associated Periodic Syndrome
Behcet disease
Cryopyrin-Associated Periodic Syndrome
NONSEGMENTAL VITILIGO
Systemic sclerosis
Systemic scleroderma
Progressive systemic sclerosis
Generalized scleroderma
scleroderma
Diffuse cutaneous systemic sclerosis
Limited cutaneous systemic sclerosis
BULLOUS PEMPHIGOID
Classic bullous pemphigoid
Pemphigoid vegetans
Pemphigoid nodularis
Erythrodermic bullous pemphigoid
Mucosal pemphigoid
Idiopathic Pulmonary Fibrosis
Thrombocythaemia
Thrombocythemia
Thrombocytopenic
Thrombocytoses
Thrombocytosis