Immunologic disorders
Immunologic disorder
Immunologic diseases
Immunodeficiency
Autoimmune disease
Vasculitis
Arthritis
Psoriatic Arthritis
Rheumatoid Arthritis
Pediatric Juvenile Psoriatic Arthritis
Axial spondyloarthritis
Axial SpA
Axial SpA Giant Cell Arteritis
Psoriasis
Plaque psoriasis
Pediatric Psoriasis
Pediatric Plaque Psoriasis
Genital Psoriasis
Juvenile Psoriatic Arthritis
Hidradenitis Suppurativa
Ulcerative Colitis
Pediatric Ulcerative Colitis
Lupus
Systemic Lupus Erythematosus
Discoid Lupus Erythematosus
Cutaneous Lupus Erythematosus
Lupus nephritis
Crohn's Disease
Crohns Disease
Crohn Disease
Crohn´s Disease
Pediatric Crohn's Disease
Pediatric Crohns Disease
Pediatric Crohn Disease
Arteritis
Giant Cell Arteritis
Takayasu Arteritis
Sjogren's Syndrome
Sjogrens Syndrome
Sjogren Syndrome
Warm Autoimmune Hemolytic Anemia
Warm Autoimmune Hemolytic Anaemia
Hemolytic disease of the fetus
Hemolytic disease of the fetus and newborn
Paroxysmal nocturnal hemoglobinuria
Asthma
Sclerosis
Systemic Sclerosis
Multiple sclerosis
Amyotrophic Lateral Sclerosis
Nephropathy
IgA-nephropathy
IgA nephropathy
Membranous Nephropathy
Chronic obstructive disease
Chronic obstructive pulmonary disease
Idiopathic pulmonary fibrosis
Myelofibrosis
Pediatric Behcet's Disease
Pediatric Behcets Disease
Pediatric Behcet Disease
Behcet's Disease
Behcets Disease
Atopic Dermatitis
Stasis Dermatitis
Dermatitis
Juvenile Dermatomyositis
Palmoplantar Pustulosis
Palmo-plantar Pustulosis
Chronic Spontaneous Urticaria
Pediatric celiac disease
Celiac Disease
Polymyalgia rheumatica
Ankylosing Spondylitis
Eosinophilic Esophagitis
Esophagitis
Dermatomyositis
Wiskott-Aldrich Syndrome
Wiskott Aldrich Syndrome
Alopecia
Alopecia Areata
Pemphigus
Thrombocytopenia
Graves' disease
Graves disease
Polymyositis
Type 1 diabetes mellitus
Diabetes mellitus type 1
eczema
Juvenile Idiopathic Arthritis
Axial Spondylytis
Axial Spondylitis
Dermatitis herpetiformis
Epidermolysis Bullosa Simplex
Epidermolysis bullosa acquisita
Vitiligo
Urticaria
Autoinflammatory disease
Guttate Psoriasis
Pustular Psoriasis
Inverse Psoriasis
Erythrodermic Psoriasis
Sneddon-Wilkinson Syndrome
Sneddon Wilkinson Syndrome
Atopic eczema
Dyshidrotic eczema
Vesicular Palmoplantar Eczema
Dermatitis Eczema
Seborrheic dermatitis
Duhring disease
Chronic Urticaria
Chronic idiopathic urticaria
Familial Cold Urticaria
Muckle-Wells Syndrome
Muckle Wells Syndrome
Schnitzler Syndrome
Cryopyrin-associated Periodic Syndromes
Cryopyrin associated Periodic Syndromes
Rheumatoid Polyarthritis
Rheumatoid Nodule
Rheumatoid Pneumoconiosis
Caplan's syndrome
Caplans syndrome
Caplan syndrome
Rheumatoid Vasculitis
Sjögren's syndrome
Sjögrens syndrome
Sjögren syndrome
Spondylitis
Spondyloarthritis
Psoriasis Arthritis
Osteo Arthritis
Adult-onset Still's disease
Still's Disease, Adult-Onset
Stills Disease, Adult-Onset
Still's Disease, Adult Onset
Stills Disease, Adult Onset
Still's Disease
Stills disease
Colitis
Enteropathy
Inflammatory bowel disease
Inflammatory bowel diseases
Ileocolitis
Ileitis
Gastroduodenal Crohn’s
Gastroduodenal Crohns
Jejunoileitis
Crohn's (granulomatous) colitis
Crohns (granulomatous) colitis
Crohn's colitis
Crohns colitis
Crohn colitis
Fistulizing Crohns Disease
Perianal Crohns Disease
Autoimmune enteropathy
Addison's disease
Addisons disease
Thyroiditis
Hashimoto
Hyperthyroidism
Hashitoxicosis
Basedow disease
Pancreatitis
Polyglandular Autoimmune Syndrome
Autoimmune Anaemia
Autoimmune Anemia
Autoimmune Aplastic Anaemia
Autoimmune Aplastic Anemia
Autoimmune Haemolytic Anaemia
Autoimmune Haemolytic Anemia
Pernicious Anaemia
Pernicious Anemia
Autoimmune Hemolytic anemia
Autoimmune Hemolytic Anaemia
Cold type Autoimmune Hemolytic Anemia
Cold type Autoimmune Hemolytic Anaemia
Warm Autoimmune Haemolytic Anemia
Warm Autoimmune Haemolytic Anaemia
Atypical hemolytic uremic syndrome
AutoimmuneThrombocytopenia
Heparin-induced thrombocytopenia
Heparin induced thrombocytopenia
Autoimmune Neutropenia
Evas syndrome
Hypoprothrombinemia syndrome
Angiitis
Wegener's vasculitis
Wegeners vasculitis
Giant Cell Arteritis/ Temporal Arteritis
Temporal Arteritis
Polyarteritis nodosa
Autoimmune myocarditis
Chronic Myocarditis
Chloangitis
Hemoglobinuria
WAIHA
Warm Antibody Autoimmune Hemolytic Anemia
Warm Antibody Autoimmune Hemolytic Anaemia
Autoimmune Chloangitis
Primary Biliary Chloangitis
Primary Sclerosing Cholangitis
Berger's disease
Bergers disease
Myopathy
Myositis
Myasthenia gravis
Neuromyotonia
Scleroderma
Idiopathic inflammatory myopathy
Idiopathic Inflammatory Myopathies
Autoimmune myositis
Juvenile polymyositis
Ocular myasthenia
Acute disseminated encephalomyelitis
Acute haemorrhagic leukoencephalitis
Guillain-Barre syndrome
Guillain Barre syndrome
Neuromyelitis Optica
Encephalitis
Neuromyelitis Optica Spectrum Disorder
Autoimmune Encephalitis
Lupus erythematousus
Neuropsychiatric Lupus
Acute cutaneous lupus erythematosus
Acute cutaneous lupus
Chronic cutaneous lupus erythematosus
Subacute cutaneous lupus erythematosus
Neurotrophic Keratitis
Autoimmnue polyglandular syndrome type 1
Keratitis
Emphysema
Cystic fibrosis
Eosinophilic Asthma
Warm Antibody Autoimmune Haemolytic Anemia
Warm Antibody Autoimmune Haemolytic Anaemia
Uveitis
Spondylarthritis
scalp psoriasis
enteropathic arthritis
reactive arthritis
clinically isolated syndrome
neonatal lupus
lupus erythematosus
oligoarticular juvenile idiopathic arthritis
polyarticular juvenile idiopathic arthritis
systemic juvenile idiopathic arthritis
primary progressive multiple sclerosis
progressive relapsing multiple sclerosis
relapsing-remitting multiple sclerosis
relapsing remitting multiple sclerosis
secondary progressive multiple sclerosis
acute flaccid myelitis
MOG antibody disease
optic neuritis
transverse myelitis
pouchitis
ICI-associated colitis
ICI associated colitis
ulcerative proctitis
leukocyte adhesion deficiency
nail psoriasis
palmar-plantar psoriasis
palmar plantar psoriasis
psoriasis vulgaris
elephantine psoriasis
lichenified psoriasis
linear psoriasis
ostraceous psoriasis
photosensitive psoriasis
Diabetes Type 1
Graves' orbitopathy
Graves orbitopathy
Immune thrombocytopenic purpura
Basedow's disease
Basedows disease
IPF
JIA
IBD
AHIA
PAN
ADEM
NMO
COPD
PPMS
PRMS
RRMS
SPMS
AFM
MOGAD