absolute
Evidence of
persistent
positivity
+
abnormality
Alteration
Alterations
defect in a gene
Driven
Fusion
Fusions
expression
gene abnormalities
gene alteration
Gene Alterations
gene expression
gene fusions
gene fusion
GENE LOCUS
rearrangement
Rearrangements
genomic tumor aberrations
Harboring
mutation
mutational
mutations
Positive
Rearranged
rearrangement
rearrangements
Translocation
-abnormality
-Alteration
-Alterations
-defect in a gene
-Driven
-Fusion
-Fusions
-gene abnormalities
-gene alteration
-Gene Alterations
-gene expression
-gene fusions
-gene fusion
-GENE LOCUS
-gene rearrangement
-Gene Rearrangements
-genomic tumor aberrations
-Harboring
-mutant
-mutation
-mutational
-mutations
-Positive
-Rearranged
-rearrangement
-rearrangements
-Translocation
M+
mutant
Positive
+
overexpression
over expressing
deletion
translocation
evidence 
Rearranged 
fusion
MMR genes include
Harbors
loss of
genomic tumor aberrations
(+ve)
activated
amplificaiton
driven
expression
inactivation
insertion
inversion
loss
protein expressing tumor
Proto Oncogene
associated
enriched
amplifications
Confirmation
Harboring
Carrying
deletion of
inactivation of
likely to express 
rearrangements of
Oncogene
expression of
presence of mutation
mutations
mutation
mutant
mutants
mutated
gene mutation
mutational
fusion
fused
deletion
deleted
overexpression
over-expressing
over-expression
overexpressed
over-expressed
gene
genomic
amplification
amplified
express
expressing
expresses
rearrangement
inactive
inactivation
inactivating
Harbors